
=== stored 1440×1080, sar 4/3 ===
x264 yuv420p mp4, setsar (Fixtures' route)                 ffprobe=4:3,16:9,yuv420p,progressive
    VerifyRectifications.probe_video: (1440, 1080, 1.3333333333333333, false)
    VerifyRuns.probe_video:           (1440, 1080, 4//3, 10.0)
    VideoIO.aspect_ratio (tracker):   4//3
x264 gray mp4, setsar                                      ffprobe=4:3,16:9,yuvj420p,progressive
    VerifyRectifications.probe_video: (1440, 1080, 1.3333333333333333, false)
    VerifyRuns.probe_video:           (1440, 1080, 4//3, 10.0)
    VideoIO.aspect_ratio (tracker):   4//3
ffv1 gray mkv, setsar                                      ffprobe=4:3,16:9,gray,progressive
    VerifyRectifications.probe_video: (1440, 1080, 1.3333333333333333, false)
    VerifyRuns.probe_video:           (1440, 1080, 4//3, 10.0)
    VideoIO.aspect_ratio (tracker):   1//1
x264 VUI only (h264_metadata bsf), mp4                     ffprobe=4:3,16:9,yuv420p,progressive
    VerifyRectifications.probe_video: (1440, 1080, 1.3333333333333333, false)
    VerifyRuns.probe_video:           (1440, 1080, 4//3, 10.0)
    VideoIO.aspect_ratio (tracker):   4//3
x264 square VUI, container-only -aspect (mp4 pasp)         ffprobe=4:3,16:9,yuv420p,progressive
    VerifyRectifications.probe_video: (1440, 1080, 1.3333333333333333, false)
    VerifyRuns.probe_video:           (1440, 1080, 4//3, 10.0)
    VideoIO.aspect_ratio (tracker):   1//1
x264 square VUI, container-only -aspect (mkv)              ffprobe=4:3,16:9,yuv420p,progressive
    VerifyRectifications.probe_video: (1440, 1080, 1.3333333333333333, false)
    VerifyRuns.probe_video:           (1440, 1080, 4//3, 25.0)
    VideoIO.aspect_ratio (tracker):   1//1
mpeg2video in mpegts (HDV-style, lossy)                    ffprobe=4:3,16:9,yuv420p,progressive,

4:3,16:9,yuv420p,progressive,
    VerifyRectifications.probe_video: (1440, 1080, 1.3333333333333333, false)
    VerifyRuns.probe_video:           (1440, 1080, 4//3, 10.0)
    VideoIO.aspect_ratio (tracker):   4//3
  round trip / addressing: x264 yuv420p mp4, setsar (Fixtures' route)
    k=0  t-1ms→(0, 1)  t→(0, 1)  t+1ms→(1, 1)  t+half→(1, 1)
    k=1  t-1ms→(1, 1)  t→(1, 1)  t+1ms→(2, 1)  t+half→(2, 1)
    k=2  t-1ms→(2, 1)  t→(2, 1)  t+1ms→(3, 1)  t+half→(3, 1)
    k=3  t-1ms→(3, 1)  t→(3, 1)  t+1ms→(4, 1)  t+half→(4, 1)
    k=4  t-1ms→(4, 1)  t→(4, 1)  t+1ms→(5, 1)  t+half→(5, 1)
    k=5  t-1ms→(5, 1)  t→(5, 1)  t+1ms→no_frame  t+half→no_frame
  round trip / addressing: x264 gray mp4, setsar
    k=0  t-1ms→(0, 0)  t→(0, 0)  t+1ms→(1, 0)  t+half→(1, 0)
    k=1  t-1ms→(1, 0)  t→(1, 0)  t+1ms→(2, 0)  t+half→(2, 0)
    k=2  t-1ms→(2, 0)  t→(2, 0)  t+1ms→(3, 0)  t+half→(3, 0)
    k=3  t-1ms→(3, 0)  t→(3, 0)  t+1ms→(4, 0)  t+half→(4, 0)
    k=4  t-1ms→(4, 0)  t→(4, 0)  t+1ms→(5, 0)  t+half→(5, 0)
    k=5  t-1ms→(5, 0)  t→(5, 0)  t+1ms→no_frame  t+half→no_frame
  round trip / addressing: ffv1 gray mkv, setsar
    k=0  t-1ms→(0, 0)  t→(0, 0)  t+1ms→(1, 0)  t+half→(1, 0)
    k=1  t-1ms→(1, 0)  t→(1, 0)  t+1ms→(2, 0)  t+half→(2, 0)
    k=2  t-1ms→(2, 0)  t→(2, 0)  t+1ms→(3, 0)  t+half→(3, 0)
    k=3  t-1ms→(3, 0)  t→(3, 0)  t+1ms→(4, 0)  t+half→(4, 0)
    k=4  t-1ms→(4, 0)  t→(4, 0)  t+1ms→(5, 0)  t+half→(5, 0)
    k=5  t-1ms→(5, 0)  t→(5, 0)  t+1ms→no_frame  t+half→no_frame

=== stored 1920×540, sar 1/2 ===
x264 yuv420p mp4, setsar (Fixtures' route)                 ffprobe=1:2,16:9,yuv420p,progressive
    VerifyRectifications.probe_video: (1920, 540, 0.5, false)
    VerifyRuns.probe_video:           (1920, 540, 1//2, 10.0)
    VideoIO.aspect_ratio (tracker):   1//2
x264 gray mp4, setsar                                      ffprobe=1:2,16:9,yuvj420p,progressive
    VerifyRectifications.probe_video: (1920, 540, 0.5, false)
    VerifyRuns.probe_video:           (1920, 540, 1//2, 10.0)
    VideoIO.aspect_ratio (tracker):   1//2
ffv1 gray mkv, setsar                                      ffprobe=1:2,16:9,gray,progressive
    VerifyRectifications.probe_video: (1920, 540, 0.5, false)
    VerifyRuns.probe_video:           (1920, 540, 1//2, 10.0)
    VideoIO.aspect_ratio (tracker):   1//1
x264 VUI only (h264_metadata bsf), mp4                     ffprobe=1:2,16:9,yuv420p,progressive
    VerifyRectifications.probe_video: (1920, 540, 0.5, false)
    VerifyRuns.probe_video:           (1920, 540, 1//2, 10.0)
    VideoIO.aspect_ratio (tracker):   1//2
x264 square VUI, container-only -aspect (mp4 pasp)         ffprobe=1:2,16:9,yuv420p,progressive
    VerifyRectifications.probe_video: (1920, 540, 0.5, false)
    VerifyRuns.probe_video:           (1920, 540, 1//2, 10.0)
    VideoIO.aspect_ratio (tracker):   1//1
x264 square VUI, container-only -aspect (mkv)              ffprobe=1:2,16:9,yuv420p,progressive
    VerifyRectifications.probe_video: (1920, 540, 0.5, false)
    VerifyRuns.probe_video:           (1920, 540, 1//2, 25.0)
    VideoIO.aspect_ratio (tracker):   1//1
mpeg2video in mpegts (HDV-style, lossy)                    ffprobe=1:2,16:9,yuv420p,progressive,

1:2,16:9,yuv420p,progressive,
    VerifyRectifications.probe_video: (1920, 540, 0.5, false)
    VerifyRuns.probe_video:           (1920, 540, 1//2, 10.0)
    VideoIO.aspect_ratio (tracker):   1//2
  round trip / addressing: x264 yuv420p mp4, setsar (Fixtures' route)
    k=0  t-1ms→(0, 1)  t→(0, 1)  t+1ms→(1, 1)  t+half→(1, 1)
    k=1  t-1ms→(1, 1)  t→(1, 1)  t+1ms→(2, 1)  t+half→(2, 1)
    k=2  t-1ms→(2, 1)  t→(2, 1)  t+1ms→(3, 1)  t+half→(3, 1)
    k=3  t-1ms→(3, 1)  t→(3, 1)  t+1ms→(4, 1)  t+half→(4, 1)
    k=4  t-1ms→(4, 1)  t→(4, 1)  t+1ms→(5, 1)  t+half→(5, 1)
    k=5  t-1ms→(5, 1)  t→(5, 1)  t+1ms→no_frame  t+half→no_frame
  round trip / addressing: x264 gray mp4, setsar
    k=0  t-1ms→(0, 0)  t→(0, 0)  t+1ms→(1, 0)  t+half→(1, 0)
    k=1  t-1ms→(1, 0)  t→(1, 0)  t+1ms→(2, 0)  t+half→(2, 0)
    k=2  t-1ms→(2, 0)  t→(2, 0)  t+1ms→(3, 0)  t+half→(3, 0)
    k=3  t-1ms→(3, 0)  t→(3, 0)  t+1ms→(4, 0)  t+half→(4, 0)
    k=4  t-1ms→(4, 0)  t→(4, 0)  t+1ms→(5, 0)  t+half→(5, 0)
    k=5  t-1ms→(5, 0)  t→(5, 0)  t+1ms→no_frame  t+half→no_frame
  round trip / addressing: ffv1 gray mkv, setsar
    k=0  t-1ms→(0, 0)  t→(0, 0)  t+1ms→(1, 0)  t+half→(1, 0)
    k=1  t-1ms→(1, 0)  t→(1, 0)  t+1ms→(2, 0)  t+half→(2, 0)
    k=2  t-1ms→(2, 0)  t→(2, 0)  t+1ms→(3, 0)  t+half→(3, 0)
    k=3  t-1ms→(3, 0)  t→(3, 0)  t+1ms→(4, 0)  t+half→(4, 0)
    k=4  t-1ms→(4, 0)  t→(4, 0)  t+1ms→(5, 0)  t+half→(5, 0)
    k=5  t-1ms→(5, 0)  t→(5, 0)  t+1ms→no_frame  t+half→no_frame
